
Allocating common symbols
Common symbol       size              file

tasks               0x4b0             task.o
UserStack           0x14000           task.o
KernelStack         0x14000           task.o

Memory Configuration

Name             Origin             Length             Attributes
ram              0x0000000080200000 0x0000000008000000 axrl !w
*default*        0x0000000000000000 0xffffffffffffffff

Linker script and memory map

LOAD entry.o
LOAD kerneltrap.o
LOAD switch.o
LOAD sbi.o
LOAD main.o
LOAD printk.o
LOAD trap.o
LOAD syscall.o
LOAD string.o
LOAD app.o
LOAD task.o
LOAD timer.o

.text           0x0000000080200000     0x1086
 *(.text .text.*)
 .text          0x0000000080200000        0x0 entry.o
 .text.entry    0x0000000080200000        0xc entry.o
                0x0000000080200000                _start
 *fill*         0x000000008020000c        0x4 
 .text          0x0000000080200010       0xc6 kerneltrap.o
                0x0000000080200010                __alltraps
                0x0000000080200070                __restore
 .text          0x00000000802000d6       0x6a switch.o
                0x00000000802000d6                __switch
 .text          0x0000000080200140       0xe8 sbi.o
                0x0000000080200140                sbi_ecall
                0x00000000802001c8                sbi_console_putchar
                0x00000000802001f6                sbi_set_timer
 .text          0x0000000080200228       0x2e main.o
                0x0000000080200228                os_main
 .text          0x0000000080200256      0x572 printk.o
                0x0000000080200256                uart_puts
                0x0000000080200742                printk
                0x000000008020079a                panic
 .text          0x00000000802007c8      0x10c trap.o
                0x00000000802007fc                trap_handler
                0x00000000802008b4                trap_init
 .text          0x00000000802008d4       0xf2 syscall.o
                0x00000000802008d4                __sys_gettime
                0x00000000802008ec                __SYSCALL
                0x0000000080200972                __sys_write
                0x00000000802009b0                __sys_yield
 .text          0x00000000802009c6       0x92 string.o
                0x00000000802009c6                strlen
                0x0000000080200a02                memcpy
 .text          0x0000000080200a58      0x1d2 app.o
                0x0000000080200a58                syscall
                0x0000000080200a9c                sys_wirte
                0x0000000080200ad2                sys_yield
                0x0000000080200af4                sys_gettime
                0x0000000080200b16                task_delay
                0x0000000080200b58                task1
                0x0000000080200b8c                task2
                0x0000000080200bc0                task3
                0x0000000080200bf4                task_init
 .text          0x0000000080200c2a      0x33c task.o
                0x0000000080200c78                tcx_init
                0x0000000080200cf0                task_create
                0x0000000080200e1e                schedule
                0x0000000080200f22                run_first_task
 .text          0x0000000080200f66      0x120 timer.o
                0x0000000080200fe8                set_next_trigger
                0x000000008020100e                timer_init
                0x000000008020105c                get_time_us

.rodata         0x0000000080201088      0x1b7
 *(.rodata .rodata.*)
 .rodata        0x0000000080201088        0xa main.o
 *fill*         0x0000000080201092        0x6 
 .rodata        0x0000000080201098       0x8a printk.o
 *fill*         0x0000000080201122        0x6 
 .rodata        0x0000000080201128       0x3e trap.o
 *fill*         0x0000000080201166        0x2 
 .rodata        0x0000000080201168       0x3d syscall.o
 *fill*         0x00000000802011a5        0x3 
 .rodata        0x00000000802011a8       0x43 app.o
 *fill*         0x00000000802011eb        0x5 
 .rodata        0x00000000802011f0       0x4f task.o

.rela.dyn       0x0000000080201240        0x0
 .rela.text     0x0000000080201240        0x0 entry.o

.data           0x000000008020123f      0xdc1
                0x0000000080202000                . = ALIGN (0x1000)
 *fill*         0x000000008020123f      0xdc1 
 *(.sdata .sdata.*)
 *(.data .data.*)
 .data          0x0000000080202000        0x0 entry.o
 .data          0x0000000080202000        0x0 kerneltrap.o
 .data          0x0000000080202000        0x0 switch.o
 .data          0x0000000080202000        0x0 sbi.o
 .data          0x0000000080202000        0x0 main.o
 .data          0x0000000080202000        0x0 printk.o
 .data          0x0000000080202000        0x0 trap.o
 .data          0x0000000080202000        0x0 syscall.o
 .data          0x0000000080202000        0x0 string.o
 .data          0x0000000080202000        0x0 app.o
 .data          0x0000000080202000        0x0 task.o
 .data          0x0000000080202000        0x0 timer.o
                [!provide]                        PROVIDE (_data_end = .)

.bss            0x0000000080202000    0x388a0
 *(.sbss .sbss.*)
 *(.bss .bss.*)
 .bss           0x0000000080202000        0x0 entry.o
 .bss.stack     0x0000000080202000    0x10000 entry.o
                0x0000000080202000                boot_stack_lower_bound
                0x0000000080212000                boot_stack_top
 .bss           0x0000000080212000        0x0 kerneltrap.o
 .bss           0x0000000080212000        0x0 switch.o
 .bss           0x0000000080212000        0x0 sbi.o
 .bss           0x0000000080212000        0x0 main.o
 .bss           0x0000000080212000      0x3e8 printk.o
 .bss           0x00000000802123e8        0x0 trap.o
 .bss           0x00000000802123e8        0x0 syscall.o
 .bss           0x00000000802123e8        0x0 string.o
 .bss           0x00000000802123e8        0x0 app.o
 .bss           0x00000000802123e8        0x8 task.o
 .bss           0x00000000802123f0        0x0 timer.o
 *(COMMON)
 COMMON         0x00000000802123f0    0x284b0 task.o
                0x00000000802123f0                tasks
                0x00000000802128a0                UserStack
                0x00000000802268a0                KernelStack
OUTPUT(os.elf elf64-littleriscv)

.riscv.attributes
                0x0000000000000000       0x35
 .riscv.attributes
                0x0000000000000000       0x33 entry.o
 .riscv.attributes
                0x0000000000000033       0x33 kerneltrap.o
 .riscv.attributes
                0x0000000000000066       0x33 switch.o
 .riscv.attributes
                0x0000000000000099       0x35 sbi.o
 .riscv.attributes
                0x00000000000000ce       0x35 main.o
 .riscv.attributes
                0x0000000000000103       0x35 printk.o
 .riscv.attributes
                0x0000000000000138       0x35 trap.o
 .riscv.attributes
                0x000000000000016d       0x35 syscall.o
 .riscv.attributes
                0x00000000000001a2       0x35 string.o
 .riscv.attributes
                0x00000000000001d7       0x35 app.o
 .riscv.attributes
                0x000000000000020c       0x35 task.o
 .riscv.attributes
                0x0000000000000241       0x35 timer.o

.comment        0x0000000000000000        0xe
 .comment       0x0000000000000000        0xe sbi.o
                                          0xf (size before relaxing)
 .comment       0x000000000000000e        0xf main.o
 .comment       0x000000000000000e        0xf printk.o
 .comment       0x000000000000000e        0xf trap.o
 .comment       0x000000000000000e        0xf syscall.o
 .comment       0x000000000000000e        0xf string.o
 .comment       0x000000000000000e        0xf app.o
 .comment       0x000000000000000e        0xf task.o
 .comment       0x000000000000000e        0xf timer.o

.debug_line     0x0000000000000000     0x13fc
 .debug_line    0x0000000000000000       0x44 entry.o
 .debug_line    0x0000000000000044      0x217 kerneltrap.o
 .debug_line    0x000000000000025b       0x65 switch.o
 .debug_line    0x00000000000002c0       0xea sbi.o
 .debug_line    0x00000000000003aa       0x67 main.o
 .debug_line    0x0000000000000411      0x606 printk.o
 .debug_line    0x0000000000000a17      0x156 trap.o
 .debug_line    0x0000000000000b6d      0x138 syscall.o
 .debug_line    0x0000000000000ca5      0x104 string.o
 .debug_line    0x0000000000000da9      0x214 app.o
 .debug_line    0x0000000000000fbd      0x2ca task.o
 .debug_line    0x0000000000001287      0x175 timer.o

.debug_info     0x0000000000000000     0x1fca
 .debug_info    0x0000000000000000       0x2e entry.o
 .debug_info    0x000000000000002e       0x2e kerneltrap.o
 .debug_info    0x000000000000005c       0x2e switch.o
 .debug_info    0x000000000000008a      0x2b9 sbi.o
 .debug_info    0x0000000000000343       0x87 main.o
 .debug_info    0x00000000000003ca      0x361 printk.o
 .debug_info    0x000000000000072b      0x305 trap.o
 .debug_info    0x0000000000000a30      0x1b7 syscall.o
 .debug_info    0x0000000000000be7      0x13a string.o
 .debug_info    0x0000000000000d21      0xabe app.o
 .debug_info    0x00000000000017df      0x5f9 task.o
 .debug_info    0x0000000000001dd8      0x1f2 timer.o

.debug_abbrev   0x0000000000000000      0xad8
 .debug_abbrev  0x0000000000000000       0x14 entry.o
 .debug_abbrev  0x0000000000000014       0x14 kerneltrap.o
 .debug_abbrev  0x0000000000000028       0x14 switch.o
 .debug_abbrev  0x000000000000003c       0xed sbi.o
 .debug_abbrev  0x0000000000000129       0x42 main.o
 .debug_abbrev  0x000000000000016b      0x13c printk.o
 .debug_abbrev  0x00000000000002a7      0x110 trap.o
 .debug_abbrev  0x00000000000003b7      0x10d syscall.o
 .debug_abbrev  0x00000000000004c4       0xa6 string.o
 .debug_abbrev  0x000000000000056a      0x291 app.o
 .debug_abbrev  0x00000000000007fb      0x1d7 task.o
 .debug_abbrev  0x00000000000009d2      0x106 timer.o

.debug_aranges  0x0000000000000000      0x240
 .debug_aranges
                0x0000000000000000       0x30 entry.o
 .debug_aranges
                0x0000000000000030       0x30 kerneltrap.o
 .debug_aranges
                0x0000000000000060       0x30 switch.o
 .debug_aranges
                0x0000000000000090       0x30 sbi.o
 .debug_aranges
                0x00000000000000c0       0x30 main.o
 .debug_aranges
                0x00000000000000f0       0x30 printk.o
 .debug_aranges
                0x0000000000000120       0x30 trap.o
 .debug_aranges
                0x0000000000000150       0x30 syscall.o
 .debug_aranges
                0x0000000000000180       0x30 string.o
 .debug_aranges
                0x00000000000001b0       0x30 app.o
 .debug_aranges
                0x00000000000001e0       0x30 task.o
 .debug_aranges
                0x0000000000000210       0x30 timer.o

.debug_str      0x0000000000000000      0x9a7
 .debug_str     0x0000000000000000       0x3f entry.o
 .debug_str     0x000000000000003f       0x11 kerneltrap.o
                                         0x44 (size before relaxing)
 .debug_str     0x0000000000000050        0xd switch.o
                                         0x40 (size before relaxing)
 .debug_str     0x000000000000005d      0x295 sbi.o
                                        0x2ea (size before relaxing)
 .debug_str     0x00000000000002f2       0x13 main.o
                                        0x100 (size before relaxing)
 .debug_str     0x0000000000000305       0x7a printk.o
                                        0x182 (size before relaxing)
 .debug_str     0x000000000000037f       0x56 trap.o
                                        0x15b (size before relaxing)
 .debug_str     0x00000000000003d5       0x49 syscall.o
                                        0x165 (size before relaxing)
 .debug_str     0x000000000000041e       0x20 string.o
                                        0x11f (size before relaxing)
 .debug_str     0x000000000000043e      0x3eb app.o
                                        0x54c (size before relaxing)
 .debug_str     0x0000000000000829      0x136 task.o
                                        0x25e (size before relaxing)
 .debug_str     0x000000000000095f       0x48 timer.o
                                        0x165 (size before relaxing)

.debug_frame    0x0000000000000000      0x890
 .debug_frame   0x0000000000000000       0xa0 sbi.o
 .debug_frame   0x00000000000000a0       0x40 main.o
 .debug_frame   0x00000000000000e0       0xf8 printk.o
 .debug_frame   0x00000000000001d8       0xd0 trap.o
 .debug_frame   0x00000000000002a8       0xd0 syscall.o
 .debug_frame   0x0000000000000378       0x70 string.o
 .debug_frame   0x00000000000003e8      0x1a8 app.o
 .debug_frame   0x0000000000000590      0x170 task.o
 .debug_frame   0x0000000000000700      0x190 timer.o
