
Allocating common symbols
Common symbol       size              file

tasks               0x4b0             task.o
UserStack           0x14000           task.o
KernelStack         0x14000           task.o
FrameAllocatorImpl  0x13898           address.o
kernel_pagetable    0x8               address.o

Memory Configuration

Name             Origin             Length             Attributes
ram              0x0000000080200000 0x0000000008000000 axrl !w
*default*        0x0000000000000000 0xffffffffffffffff

Linker script and memory map

LOAD entry.o
LOAD kerneltrap.o
LOAD switch.o
LOAD sbi.o
LOAD main.o
LOAD printk.o
LOAD trap.o
LOAD syscall.o
LOAD string.o
LOAD app.o
LOAD task.o
LOAD timer.o
LOAD vsprintf.o
LOAD printf.o
LOAD address.o
LOAD assert.o
LOAD stack.o
                0x0000000000000000                skernel = .

.text           0x0000000080200000     0x2000
 *(.text .text.*)
 .text          0x0000000080200000        0x0 entry.o
 .text.entry    0x0000000080200000        0xc entry.o
                0x0000000080200000                _start
 *fill*         0x000000008020000c        0x4 
 .text          0x0000000080200010       0xc6 kerneltrap.o
                0x0000000080200010                __alltraps
                0x0000000080200070                __restore
 .text          0x00000000802000d6       0x6a switch.o
                0x00000000802000d6                __switch
 .text          0x0000000080200140       0xe8 sbi.o
                0x0000000080200140                sbi_ecall
                0x00000000802001c8                sbi_console_putchar
                0x00000000802001f6                sbi_set_timer
 .text          0x0000000080200228       0x36 main.o
                0x0000000080200228                os_main
 .text          0x000000008020025e      0x142 printk.o
                0x000000008020025e                uart_puts
                0x000000008020031a                printk
                0x0000000080200372                panic
 .text          0x00000000802003a0      0x10c trap.o
                0x00000000802003d4                trap_handler
                0x000000008020048c                trap_init
 .text          0x00000000802004ac       0xfe syscall.o
                0x00000000802004ac                __sys_gettime
                0x00000000802004c4                __SYSCALL
                0x000000008020054a                __sys_write
                0x0000000080200594                __sys_yield
 .text          0x00000000802005aa       0xe2 string.o
                0x00000000802005aa                strlen
                0x00000000802005e6                memcpy
                0x000000008020063c                memset
 .text          0x000000008020068c      0x1ba app.o
                0x000000008020068c                syscall
                0x00000000802006c0                sys_write
                0x00000000802006f6                sys_yield
                0x0000000080200718                sys_gettime
                0x000000008020073a                task_delay
                0x000000008020077c                task1
                0x00000000802007a0                task2
                0x00000000802007c4                task3
                0x0000000080200810                task_init
 .text          0x0000000080200846      0x33c task.o
                0x0000000080200894                tcx_init
                0x000000008020090c                task_create
                0x0000000080200a3a                schedule
                0x0000000080200b3e                run_first_task
 .text          0x0000000080200b82      0x120 timer.o
                0x0000000080200c04                set_next_trigger
                0x0000000080200c2a                timer_init
                0x0000000080200c78                get_time_us
 .text          0x0000000080200ca2      0x430 vsprintf.o
                0x0000000080200ca2                _vsnprintf
 .text          0x00000000802010d2       0xc2 printf.o
                0x000000008020113c                printf
 .text          0x0000000080201194      0x9ec address.o
                0x00000000802011da                phys_addr_from_size_t
                0x00000000802011fe                phys_page_num_from_size_t
                0x0000000080201222                size_t_from_phys_addr
                0x0000000080201238                size_t_from_phys_page_num
                0x000000008020124e                phys_addr_from_phys_page_num
                0x000000008020126e                virt_addr_from_size_t
                0x0000000080201292                virt_page_num_from_size_t
                0x00000000802012b8                size_t_from_virt_addr
                0x00000000802012e6                size_t_from_virt_page_num
                0x00000000802012fc                floor_phys
                0x000000008020131c                ceil_phys
                0x0000000080201342                floor_virts
                0x0000000080201362                virt_page_num_from_virt_addr
                0x0000000080201382                PageTableEntry_new
                0x00000000802013b0                PageTableEntry_empty
                0x00000000802013c6                PageTableEntry_ppn
                0x00000000802013f0                PageTableEntry_flags
                0x000000008020140c                PageTableEntry_is_valid
                0x0000000080201442                get_bytes_array
                0x000000008020146a                get_pte_array
                0x0000000080201492                StackFrameAllocator_new
                0x00000000802014c4                StackFrameAllocator_init
                0x00000000802014f2                StackFrameAllocator_alloc
                0x0000000080201576                StackFrameAllocator_dealloc
                0x0000000080201618                frame_allocator_init
                0x00000000802016a0                indexes
                0x0000000080201732                find_pte_create
                0x00000000802017fe                find_pte
                0x00000000802018aa                PageTable_map
                0x0000000080201998                PageTable_unmap
                0x0000000080201a02                kvmmake
                0x0000000080201af8                kvminit
                0x0000000080201b1a                kvminithart
 .text          0x0000000080201b80       0x6c assert.o
                0x0000000080201b9e                assertion_failure
 .text          0x0000000080201bec      0x18e stack.o
                0x0000000080201bec                initStack
                0x0000000080201c0c                isEmpty
                0x0000000080201c3a                isFull
                0x0000000080201c6c                push
                0x0000000080201cd6                pop
                0x0000000080201d32                top
                0x0000000080202000                . = ALIGN (0x1000)
 *fill*         0x0000000080201d7a      0x286 
                0x0000000080202000                PROVIDE (etext = .)

.rodata         0x0000000080202000      0x390
 *(.rodata .rodata.*)
 .rodata        0x0000000080202000        0xa main.o
 *fill*         0x000000008020200a        0x6 
 .rodata        0x0000000080202010       0x32 printk.o
 *fill*         0x0000000080202042        0x6 
 .rodata        0x0000000080202048       0x3e trap.o
 *fill*         0x0000000080202086        0x2 
 .rodata        0x0000000080202088       0x3d syscall.o
 *fill*         0x00000000802020c5        0x3 
 .rodata        0x00000000802020c8       0x5a app.o
 *fill*         0x0000000080202122        0x6 
 .rodata        0x0000000080202128       0x4f task.o
 *fill*         0x0000000080202177        0x1 
 .rodata        0x0000000080202178       0x58 vsprintf.o
 .rodata        0x00000000802021d0      0x10a address.o
 *fill*         0x00000000802022da        0x6 
 .rodata        0x00000000802022e0       0x74 assert.o
 *fill*         0x0000000080202354        0x4 
 .rodata        0x0000000080202358       0x38 stack.o

.rela.dyn       0x0000000080202390        0x0
 .rela.text     0x0000000080202390        0x0 entry.o

.data           0x0000000080202390      0xc70
                0x0000000080203000                . = ALIGN (0x1000)
 *fill*         0x0000000080202390      0xc70 
 *(.sdata .sdata.*)
 *(.data .data.*)
 .data          0x0000000080203000        0x0 entry.o
 .data          0x0000000080203000        0x0 kerneltrap.o
 .data          0x0000000080203000        0x0 switch.o
 .data          0x0000000080203000        0x0 sbi.o
 .data          0x0000000080203000        0x0 main.o
 .data          0x0000000080203000        0x0 printk.o
 .data          0x0000000080203000        0x0 trap.o
 .data          0x0000000080203000        0x0 syscall.o
 .data          0x0000000080203000        0x0 string.o
 .data          0x0000000080203000        0x0 app.o
 .data          0x0000000080203000        0x0 task.o
 .data          0x0000000080203000        0x0 timer.o
 .data          0x0000000080203000        0x0 vsprintf.o
 .data          0x0000000080203000        0x0 printf.o
 .data          0x0000000080203000        0x0 address.o
 .data          0x0000000080203000        0x0 assert.o
 .data          0x0000000080203000        0x0 stack.o
                [!provide]                        PROVIDE (_data_end = .)

.bss            0x0000000080203000    0x4c528
 *(.sbss .sbss.*)
 *(.bss .bss.*)
 .bss           0x0000000080203000        0x0 entry.o
 .bss.stack     0x0000000080203000    0x10000 entry.o
                0x0000000080203000                boot_stack_lower_bound
                0x0000000080213000                boot_stack_top
 .bss           0x0000000080213000        0x0 kerneltrap.o
 .bss           0x0000000080213000        0x0 switch.o
 .bss           0x0000000080213000        0x0 sbi.o
 .bss           0x0000000080213000        0x0 main.o
 .bss           0x0000000080213000      0x3e8 printk.o
 .bss           0x00000000802133e8        0x0 trap.o
 .bss           0x00000000802133e8        0x0 syscall.o
 .bss           0x00000000802133e8        0x0 string.o
 .bss           0x00000000802133e8        0x0 app.o
 .bss           0x00000000802133e8        0x8 task.o
 .bss           0x00000000802133f0        0x0 timer.o
 .bss           0x00000000802133f0        0x0 vsprintf.o
 .bss           0x00000000802133f0      0x3e8 printf.o
 .bss           0x00000000802137d8        0x0 address.o
 .bss           0x00000000802137d8        0x0 assert.o
 .bss           0x00000000802137d8        0x0 stack.o
 *(COMMON)
 COMMON         0x00000000802137d8    0x284b0 task.o
                0x00000000802137d8                tasks
                0x0000000080213c88                UserStack
                0x0000000080227c88                KernelStack
 COMMON         0x000000008023bc88    0x138a0 address.o
                0x000000008023bc88                FrameAllocatorImpl
                0x000000008024f520                kernel_pagetable
                0x000000008024f528                PROVIDE (kernelend = .)
OUTPUT(os.elf elf64-littleriscv)

.riscv.attributes
                0x0000000000000000       0x35
 .riscv.attributes
                0x0000000000000000       0x33 entry.o
 .riscv.attributes
                0x0000000000000033       0x33 kerneltrap.o
 .riscv.attributes
                0x0000000000000066       0x33 switch.o
 .riscv.attributes
                0x0000000000000099       0x35 sbi.o
 .riscv.attributes
                0x00000000000000ce       0x35 main.o
 .riscv.attributes
                0x0000000000000103       0x35 printk.o
 .riscv.attributes
                0x0000000000000138       0x35 trap.o
 .riscv.attributes
                0x000000000000016d       0x35 syscall.o
 .riscv.attributes
                0x00000000000001a2       0x35 string.o
 .riscv.attributes
                0x00000000000001d7       0x35 app.o
 .riscv.attributes
                0x000000000000020c       0x35 task.o
 .riscv.attributes
                0x0000000000000241       0x35 timer.o
 .riscv.attributes
                0x0000000000000276       0x35 vsprintf.o
 .riscv.attributes
                0x00000000000002ab       0x35 printf.o
 .riscv.attributes
                0x00000000000002e0       0x35 address.o
 .riscv.attributes
                0x0000000000000315       0x35 assert.o
 .riscv.attributes
                0x000000000000034a       0x35 stack.o

.comment        0x0000000000000000        0xe
 .comment       0x0000000000000000        0xe sbi.o
                                          0xf (size before relaxing)
 .comment       0x000000000000000e        0xf main.o
 .comment       0x000000000000000e        0xf printk.o
 .comment       0x000000000000000e        0xf trap.o
 .comment       0x000000000000000e        0xf syscall.o
 .comment       0x000000000000000e        0xf string.o
 .comment       0x000000000000000e        0xf app.o
 .comment       0x000000000000000e        0xf task.o
 .comment       0x000000000000000e        0xf timer.o
 .comment       0x000000000000000e        0xf vsprintf.o
 .comment       0x000000000000000e        0xf printf.o
 .comment       0x000000000000000e        0xf address.o
 .comment       0x000000000000000e        0xf assert.o
 .comment       0x000000000000000e        0xf stack.o

.debug_line     0x0000000000000000     0x207e
 .debug_line    0x0000000000000000       0x44 entry.o
 .debug_line    0x0000000000000044      0x217 kerneltrap.o
 .debug_line    0x000000000000025b       0x65 switch.o
 .debug_line    0x00000000000002c0       0xea sbi.o
 .debug_line    0x00000000000003aa       0x73 main.o
 .debug_line    0x000000000000041d      0x160 printk.o
 .debug_line    0x000000000000057d      0x156 trap.o
 .debug_line    0x00000000000006d3      0x10a syscall.o
 .debug_line    0x00000000000007dd      0x12a string.o
 .debug_line    0x0000000000000907      0x1d3 app.o
 .debug_line    0x0000000000000ada      0x2ca task.o
 .debug_line    0x0000000000000da4      0x175 timer.o
 .debug_line    0x0000000000000f19      0x52f vsprintf.o
 .debug_line    0x0000000000001448       0xff printf.o
 .debug_line    0x0000000000001547      0x92e address.o
 .debug_line    0x0000000000001e75       0x73 assert.o
 .debug_line    0x0000000000001ee8      0x196 stack.o

.debug_info     0x0000000000000000     0x2a76
 .debug_info    0x0000000000000000       0x2e entry.o
 .debug_info    0x000000000000002e       0x2e kerneltrap.o
 .debug_info    0x000000000000005c       0x2e switch.o
 .debug_info    0x000000000000008a      0x2b9 sbi.o
 .debug_info    0x0000000000000343       0x96 main.o
 .debug_info    0x00000000000003d9      0x1dc printk.o
 .debug_info    0x00000000000005b5      0x305 trap.o
 .debug_info    0x00000000000008ba      0x1dc syscall.o
 .debug_info    0x0000000000000a96      0x198 string.o
 .debug_info    0x0000000000000c2e      0x2ea app.o
 .debug_info    0x0000000000000f18      0x5f9 task.o
 .debug_info    0x0000000000001511      0x1f2 timer.o
 .debug_info    0x0000000000001703      0x248 vsprintf.o
 .debug_info    0x000000000000194b      0x183 printf.o
 .debug_info    0x0000000000001ace      0xc9a address.o
 .debug_info    0x0000000000002768      0x106 assert.o
 .debug_info    0x000000000000286e      0x208 stack.o

.debug_abbrev   0x0000000000000000     0x1027
 .debug_abbrev  0x0000000000000000       0x14 entry.o
 .debug_abbrev  0x0000000000000014       0x14 kerneltrap.o
 .debug_abbrev  0x0000000000000028       0x14 switch.o
 .debug_abbrev  0x000000000000003c       0xed sbi.o
 .debug_abbrev  0x0000000000000129       0x5a main.o
 .debug_abbrev  0x0000000000000183      0x128 printk.o
 .debug_abbrev  0x00000000000002ab      0x110 trap.o
 .debug_abbrev  0x00000000000003bb      0x12b syscall.o
 .debug_abbrev  0x00000000000004e6       0xa6 string.o
 .debug_abbrev  0x000000000000058c      0x138 app.o
 .debug_abbrev  0x00000000000006c4      0x1d7 task.o
 .debug_abbrev  0x000000000000089b      0x106 timer.o
 .debug_abbrev  0x00000000000009a1       0xb7 vsprintf.o
 .debug_abbrev  0x0000000000000a58       0xf2 printf.o
 .debug_abbrev  0x0000000000000b4a      0x325 address.o
 .debug_abbrev  0x0000000000000e6f       0xa1 assert.o
 .debug_abbrev  0x0000000000000f10      0x117 stack.o

.debug_aranges  0x0000000000000000      0x330
 .debug_aranges
                0x0000000000000000       0x30 entry.o
 .debug_aranges
                0x0000000000000030       0x30 kerneltrap.o
 .debug_aranges
                0x0000000000000060       0x30 switch.o
 .debug_aranges
                0x0000000000000090       0x30 sbi.o
 .debug_aranges
                0x00000000000000c0       0x30 main.o
 .debug_aranges
                0x00000000000000f0       0x30 printk.o
 .debug_aranges
                0x0000000000000120       0x30 trap.o
 .debug_aranges
                0x0000000000000150       0x30 syscall.o
 .debug_aranges
                0x0000000000000180       0x30 string.o
 .debug_aranges
                0x00000000000001b0       0x30 app.o
 .debug_aranges
                0x00000000000001e0       0x30 task.o
 .debug_aranges
                0x0000000000000210       0x30 timer.o
 .debug_aranges
                0x0000000000000240       0x30 vsprintf.o
 .debug_aranges
                0x0000000000000270       0x30 printf.o
 .debug_aranges
                0x00000000000002a0       0x30 address.o
 .debug_aranges
                0x00000000000002d0       0x30 assert.o
 .debug_aranges
                0x0000000000000300       0x30 stack.o

.debug_str      0x0000000000000000      0xa61
 .debug_str     0x0000000000000000       0x3f entry.o
 .debug_str     0x000000000000003f       0x11 kerneltrap.o
                                         0x44 (size before relaxing)
 .debug_str     0x0000000000000050        0xd switch.o
                                         0x40 (size before relaxing)
 .debug_str     0x000000000000005d      0x295 sbi.o
                                        0x2ea (size before relaxing)
 .debug_str     0x00000000000002f2       0x28 main.o
                                        0x115 (size before relaxing)
 .debug_str     0x000000000000031a       0x56 printk.o
                                        0x164 (size before relaxing)
 .debug_str     0x0000000000000370       0x56 trap.o
                                        0x15b (size before relaxing)
 .debug_str     0x00000000000003c6       0x6b syscall.o
                                        0x182 (size before relaxing)
 .debug_str     0x0000000000000431       0x2d string.o
                                        0x126 (size before relaxing)
 .debug_str     0x000000000000045e       0x58 app.o
                                        0x19f (size before relaxing)
 .debug_str     0x00000000000004b6      0x13b task.o
                                        0x25e (size before relaxing)
 .debug_str     0x00000000000005f1       0x48 timer.o
                                        0x165 (size before relaxing)
 .debug_str     0x0000000000000639       0x33 vsprintf.o
                                        0x15c (size before relaxing)
 .debug_str     0x000000000000066c        0xd printf.o
                                        0x15c (size before relaxing)
 .debug_str     0x0000000000000679      0x38a address.o
                                        0x508 (size before relaxing)
 .debug_str     0x0000000000000a03       0x38 assert.o
                                        0x10e (size before relaxing)
 .debug_str     0x0000000000000a3b       0x26 stack.o
                                        0x13d (size before relaxing)

.debug_frame    0x0000000000000000     0x11b8
 .debug_frame   0x0000000000000000       0xa0 sbi.o
 .debug_frame   0x00000000000000a0       0x40 main.o
 .debug_frame   0x00000000000000e0       0xc8 printk.o
 .debug_frame   0x00000000000001a8       0xd0 trap.o
 .debug_frame   0x0000000000000278       0xd0 syscall.o
 .debug_frame   0x0000000000000348       0xa0 string.o
 .debug_frame   0x00000000000003e8      0x1a8 app.o
 .debug_frame   0x0000000000000590      0x170 task.o
 .debug_frame   0x0000000000000700      0x190 timer.o
 .debug_frame   0x0000000000000890       0x40 vsprintf.o
 .debug_frame   0x00000000000008d0       0x70 printf.o
 .debug_frame   0x0000000000000940      0x6e0 address.o
 .debug_frame   0x0000000000001020       0x68 assert.o
 .debug_frame   0x0000000000001088      0x130 stack.o

.debug_ranges   0x0000000000000000       0x60
 .debug_ranges  0x0000000000000000       0x60 address.o
