
Allocating common symbols
Common symbol       size              file

tasks               0x4b0             task.o
UserStack           0x14000           task.o
KernelStack         0x14000           task.o

Memory Configuration

Name             Origin             Length             Attributes
ram              0x0000000080200000 0x0000000008000000 axrl !w
*default*        0x0000000000000000 0xffffffffffffffff

Linker script and memory map

LOAD entry.o
LOAD kerneltrap.o
LOAD switch.o
LOAD sbi.o
LOAD main.o
LOAD printk.o
LOAD trap.o
LOAD syscall.o
LOAD string.o
LOAD app.o
LOAD task.o
LOAD timer.o
LOAD vsprintf.o
LOAD printf.o
LOAD address.o
LOAD assert.o
LOAD stack.o

.text           0x0000000080200000     0x1c7a
 *(.text .text.*)
 .text          0x0000000080200000        0x0 entry.o
 .text.entry    0x0000000080200000        0xc entry.o
                0x0000000080200000                _start
 *fill*         0x000000008020000c        0x4 
 .text          0x0000000080200010       0xc6 kerneltrap.o
                0x0000000080200010                __alltraps
                0x0000000080200070                __restore
 .text          0x00000000802000d6       0x6a switch.o
                0x00000000802000d6                __switch
 .text          0x0000000080200140       0xe8 sbi.o
                0x0000000080200140                sbi_ecall
                0x00000000802001c8                sbi_console_putchar
                0x00000000802001f6                sbi_set_timer
 .text          0x0000000080200228       0x1a main.o
                0x0000000080200228                os_main
 .text          0x0000000080200242      0x142 printk.o
                0x0000000080200242                uart_puts
                0x00000000802002fe                printk
                0x0000000080200356                panic
 .text          0x0000000080200384      0x10c trap.o
                0x00000000802003b8                trap_handler
                0x0000000080200470                trap_init
 .text          0x0000000080200490       0xf2 syscall.o
                0x0000000080200490                __sys_gettime
                0x00000000802004a8                __SYSCALL
                0x000000008020052e                __sys_write
                0x000000008020056c                __sys_yield
 .text          0x0000000080200582       0xe2 string.o
                0x0000000080200582                strlen
                0x00000000802005be                memcpy
                0x0000000080200614                memset
 .text          0x0000000080200664      0x1ba app.o
                0x0000000080200664                syscall
                0x00000000802006a8                sys_write
                0x00000000802006de                sys_yield
                0x0000000080200700                sys_gettime
                0x0000000080200722                task_delay
                0x0000000080200764                task1
                0x0000000080200790                task2
                0x00000000802007bc                task3
                0x00000000802007e8                task_init
 .text          0x000000008020081e      0x33c task.o
                0x000000008020086c                tcx_init
                0x00000000802008e4                task_create
                0x0000000080200a12                schedule
                0x0000000080200b16                run_first_task
 .text          0x0000000080200b5a      0x120 timer.o
                0x0000000080200bdc                set_next_trigger
                0x0000000080200c02                timer_init
                0x0000000080200c50                get_time_us
 .text          0x0000000080200c7a      0x430 vsprintf.o
                0x0000000080200c7a                _vsnprintf
 .text          0x00000000802010aa       0xc2 printf.o
                0x0000000080201114                printf
 .text          0x000000008020116c      0x914 address.o
                0x000000008020116c                phys_addr_from_size_t
                0x0000000080201190                phys_page_num_from_size_t
                0x00000000802011b4                size_t_from_phys_addr
                0x00000000802011ca                size_t_from_phys_page_num
                0x00000000802011e0                phys_addr_from_phys_page_num
                0x0000000080201200                virt_addr_from_size_t
                0x0000000080201224                virt_page_num_from_size_t
                0x000000008020124a                size_t_from_virt_addr
                0x0000000080201278                size_t_from_virt_page_num
                0x000000008020128e                floor_phys
                0x00000000802012ae                ceil_phys
                0x00000000802012d4                virt_page_num_from_virt_addr
                0x00000000802012f4                PageTableEntry_new
                0x0000000080201322                PageTableEntry_empty
                0x0000000080201338                PageTableEntry_ppn
                0x0000000080201362                PageTableEntry_flags
                0x000000008020137e                PageTableEntry_is_valid
                0x00000000802013b4                get_bytes_array
                0x00000000802013dc                get_pte_array
                0x0000000080201404                get_mut
                0x000000008020142c                StackFrameAllocator_new
                0x000000008020145e                StackFrameAllocator_init
                0x000000008020148c                StackFrameAllocator_alloc
                0x0000000080201510                StackFrameAllocator_dealloc
                0x00000000802015b2                frame_allocator_test
                0x000000008020177c                indexes
                0x000000008020180e                find_pte_create
                0x00000000802018e8                find_pte
                0x0000000080201990                PageTable_map
                0x0000000080201a16                PageTable_unmap
 .text          0x0000000080201a80       0x6c assert.o
                0x0000000080201a9e                assertion_failure
 .text          0x0000000080201aec      0x18e stack.o
                0x0000000080201aec                initStack
                0x0000000080201b0c                isEmpty
                0x0000000080201b3a                isFull
                0x0000000080201b6c                push
                0x0000000080201bd6                pop
                0x0000000080201c32                top

.rodata         0x0000000080201c80      0x320
 *(.rodata .rodata.*)
 .rodata        0x0000000080201c80        0xa main.o
 *fill*         0x0000000080201c8a        0x6 
 .rodata        0x0000000080201c90       0x32 printk.o
 *fill*         0x0000000080201cc2        0x6 
 .rodata        0x0000000080201cc8       0x3e trap.o
 *fill*         0x0000000080201d06        0x2 
 .rodata        0x0000000080201d08       0x3d syscall.o
 *fill*         0x0000000080201d45        0x3 
 .rodata        0x0000000080201d48       0x43 app.o
 *fill*         0x0000000080201d8b        0x5 
 .rodata        0x0000000080201d90       0x4f task.o
 *fill*         0x0000000080201ddf        0x1 
 .rodata        0x0000000080201de0       0x58 vsprintf.o
 .rodata        0x0000000080201e38       0xb6 address.o
 *fill*         0x0000000080201eee        0x2 
 .rodata        0x0000000080201ef0       0x74 assert.o
 *fill*         0x0000000080201f64        0x4 
 .rodata        0x0000000080201f68       0x38 stack.o

.rela.dyn       0x0000000080201fa0        0x0
 .rela.text     0x0000000080201fa0        0x0 entry.o

.data           0x0000000080201fa0       0x60
                0x0000000080202000                . = ALIGN (0x1000)
 *fill*         0x0000000080201fa0       0x60 
 *(.sdata .sdata.*)
 *(.data .data.*)
 .data          0x0000000080202000        0x0 entry.o
 .data          0x0000000080202000        0x0 kerneltrap.o
 .data          0x0000000080202000        0x0 switch.o
 .data          0x0000000080202000        0x0 sbi.o
 .data          0x0000000080202000        0x0 main.o
 .data          0x0000000080202000        0x0 printk.o
 .data          0x0000000080202000        0x0 trap.o
 .data          0x0000000080202000        0x0 syscall.o
 .data          0x0000000080202000        0x0 string.o
 .data          0x0000000080202000        0x0 app.o
 .data          0x0000000080202000        0x0 task.o
 .data          0x0000000080202000        0x0 timer.o
 .data          0x0000000080202000        0x0 vsprintf.o
 .data          0x0000000080202000        0x0 printf.o
 .data          0x0000000080202000        0x0 address.o
 .data          0x0000000080202000        0x0 assert.o
 .data          0x0000000080202000        0x0 stack.o
                [!provide]                        PROVIDE (_data_end = .)

.bss            0x0000000080202000    0x4c520
 *(.sbss .sbss.*)
 *(.bss .bss.*)
 .bss           0x0000000080202000        0x0 entry.o
 .bss.stack     0x0000000080202000    0x10000 entry.o
                0x0000000080202000                boot_stack_lower_bound
                0x0000000080212000                boot_stack_top
 .bss           0x0000000080212000        0x0 kerneltrap.o
 .bss           0x0000000080212000        0x0 switch.o
 .bss           0x0000000080212000        0x0 sbi.o
 .bss           0x0000000080212000        0x0 main.o
 .bss           0x0000000080212000      0x3e8 printk.o
 .bss           0x00000000802123e8        0x0 trap.o
 .bss           0x00000000802123e8        0x0 syscall.o
 .bss           0x00000000802123e8        0x0 string.o
 .bss           0x00000000802123e8        0x0 app.o
 .bss           0x00000000802123e8        0x8 task.o
 .bss           0x00000000802123f0        0x0 timer.o
 .bss           0x00000000802123f0        0x0 vsprintf.o
 .bss           0x00000000802123f0      0x3e8 printf.o
 .bss           0x00000000802127d8    0x13898 address.o
 .bss           0x0000000080226070        0x0 assert.o
 .bss           0x0000000080226070        0x0 stack.o
 *(COMMON)
 COMMON         0x0000000080226070    0x284b0 task.o
                0x0000000080226070                tasks
                0x0000000080226520                UserStack
                0x000000008023a520                KernelStack
OUTPUT(os.elf elf64-littleriscv)

.riscv.attributes
                0x0000000000000000       0x35
 .riscv.attributes
                0x0000000000000000       0x33 entry.o
 .riscv.attributes
                0x0000000000000033       0x33 kerneltrap.o
 .riscv.attributes
                0x0000000000000066       0x33 switch.o
 .riscv.attributes
                0x0000000000000099       0x35 sbi.o
 .riscv.attributes
                0x00000000000000ce       0x35 main.o
 .riscv.attributes
                0x0000000000000103       0x35 printk.o
 .riscv.attributes
                0x0000000000000138       0x35 trap.o
 .riscv.attributes
                0x000000000000016d       0x35 syscall.o
 .riscv.attributes
                0x00000000000001a2       0x35 string.o
 .riscv.attributes
                0x00000000000001d7       0x35 app.o
 .riscv.attributes
                0x000000000000020c       0x35 task.o
 .riscv.attributes
                0x0000000000000241       0x35 timer.o
 .riscv.attributes
                0x0000000000000276       0x35 vsprintf.o
 .riscv.attributes
                0x00000000000002ab       0x35 printf.o
 .riscv.attributes
                0x00000000000002e0       0x35 address.o
 .riscv.attributes
                0x0000000000000315       0x35 assert.o
 .riscv.attributes
                0x000000000000034a       0x35 stack.o

.comment        0x0000000000000000        0xe
 .comment       0x0000000000000000        0xe sbi.o
                                          0xf (size before relaxing)
 .comment       0x000000000000000e        0xf main.o
 .comment       0x000000000000000e        0xf printk.o
 .comment       0x000000000000000e        0xf trap.o
 .comment       0x000000000000000e        0xf syscall.o
 .comment       0x000000000000000e        0xf string.o
 .comment       0x000000000000000e        0xf app.o
 .comment       0x000000000000000e        0xf task.o
 .comment       0x000000000000000e        0xf timer.o
 .comment       0x000000000000000e        0xf vsprintf.o
 .comment       0x000000000000000e        0xf printf.o
 .comment       0x000000000000000e        0xf address.o
 .comment       0x000000000000000e        0xf assert.o
 .comment       0x000000000000000e        0xf stack.o

.debug_line     0x0000000000000000     0x1ffc
 .debug_line    0x0000000000000000       0x44 entry.o
 .debug_line    0x0000000000000044      0x217 kerneltrap.o
 .debug_line    0x000000000000025b       0x65 switch.o
 .debug_line    0x00000000000002c0       0xea sbi.o
 .debug_line    0x00000000000003aa       0x59 main.o
 .debug_line    0x0000000000000403      0x160 printk.o
 .debug_line    0x0000000000000563      0x156 trap.o
 .debug_line    0x00000000000006b9      0x138 syscall.o
 .debug_line    0x00000000000007f1      0x148 string.o
 .debug_line    0x0000000000000939      0x1c8 app.o
 .debug_line    0x0000000000000b01      0x2ca task.o
 .debug_line    0x0000000000000dcb      0x175 timer.o
 .debug_line    0x0000000000000f40      0x51e vsprintf.o
 .debug_line    0x000000000000145e       0xff printf.o
 .debug_line    0x000000000000155d      0x896 address.o
 .debug_line    0x0000000000001df3       0x73 assert.o
 .debug_line    0x0000000000001e66      0x196 stack.o

.debug_info     0x0000000000000000     0x28fb
 .debug_info    0x0000000000000000       0x2e entry.o
 .debug_info    0x000000000000002e       0x2e kerneltrap.o
 .debug_info    0x000000000000005c       0x2e switch.o
 .debug_info    0x000000000000008a      0x2b9 sbi.o
 .debug_info    0x0000000000000343       0x87 main.o
 .debug_info    0x00000000000003ca      0x1dc printk.o
 .debug_info    0x00000000000005a6      0x305 trap.o
 .debug_info    0x00000000000008ab      0x1b7 syscall.o
 .debug_info    0x0000000000000a62      0x198 string.o
 .debug_info    0x0000000000000bfa      0x29b app.o
 .debug_info    0x0000000000000e95      0x5f9 task.o
 .debug_info    0x000000000000148e      0x1f2 timer.o
 .debug_info    0x0000000000001680      0x248 vsprintf.o
 .debug_info    0x00000000000018c8      0x183 printf.o
 .debug_info    0x0000000000001a4b      0xba2 address.o
 .debug_info    0x00000000000025ed      0x106 assert.o
 .debug_info    0x00000000000026f3      0x208 stack.o

.debug_abbrev   0x0000000000000000      0xf4b
 .debug_abbrev  0x0000000000000000       0x14 entry.o
 .debug_abbrev  0x0000000000000014       0x14 kerneltrap.o
 .debug_abbrev  0x0000000000000028       0x14 switch.o
 .debug_abbrev  0x000000000000003c       0xed sbi.o
 .debug_abbrev  0x0000000000000129       0x42 main.o
 .debug_abbrev  0x000000000000016b      0x128 printk.o
 .debug_abbrev  0x0000000000000293      0x110 trap.o
 .debug_abbrev  0x00000000000003a3      0x10d syscall.o
 .debug_abbrev  0x00000000000004b0       0xa6 string.o
 .debug_abbrev  0x0000000000000556      0x138 app.o
 .debug_abbrev  0x000000000000068e      0x1d7 task.o
 .debug_abbrev  0x0000000000000865      0x106 timer.o
 .debug_abbrev  0x000000000000096b       0xb7 vsprintf.o
 .debug_abbrev  0x0000000000000a22       0xf2 printf.o
 .debug_abbrev  0x0000000000000b14      0x27f address.o
 .debug_abbrev  0x0000000000000d93       0xa1 assert.o
 .debug_abbrev  0x0000000000000e34      0x117 stack.o

.debug_aranges  0x0000000000000000      0x330
 .debug_aranges
                0x0000000000000000       0x30 entry.o
 .debug_aranges
                0x0000000000000030       0x30 kerneltrap.o
 .debug_aranges
                0x0000000000000060       0x30 switch.o
 .debug_aranges
                0x0000000000000090       0x30 sbi.o
 .debug_aranges
                0x00000000000000c0       0x30 main.o
 .debug_aranges
                0x00000000000000f0       0x30 printk.o
 .debug_aranges
                0x0000000000000120       0x30 trap.o
 .debug_aranges
                0x0000000000000150       0x30 syscall.o
 .debug_aranges
                0x0000000000000180       0x30 string.o
 .debug_aranges
                0x00000000000001b0       0x30 app.o
 .debug_aranges
                0x00000000000001e0       0x30 task.o
 .debug_aranges
                0x0000000000000210       0x30 timer.o
 .debug_aranges
                0x0000000000000240       0x30 vsprintf.o
 .debug_aranges
                0x0000000000000270       0x30 printf.o
 .debug_aranges
                0x00000000000002a0       0x30 address.o
 .debug_aranges
                0x00000000000002d0       0x30 assert.o
 .debug_aranges
                0x0000000000000300       0x30 stack.o

.debug_str      0x0000000000000000      0x9f8
 .debug_str     0x0000000000000000       0x3f entry.o
 .debug_str     0x000000000000003f       0x11 kerneltrap.o
                                         0x44 (size before relaxing)
 .debug_str     0x0000000000000050        0xd switch.o
                                         0x40 (size before relaxing)
 .debug_str     0x000000000000005d      0x295 sbi.o
                                        0x2ea (size before relaxing)
 .debug_str     0x00000000000002f2       0x13 main.o
                                        0x100 (size before relaxing)
 .debug_str     0x0000000000000305       0x56 printk.o
                                        0x164 (size before relaxing)
 .debug_str     0x000000000000035b       0x56 trap.o
                                        0x15b (size before relaxing)
 .debug_str     0x00000000000003b1       0x4e syscall.o
                                        0x165 (size before relaxing)
 .debug_str     0x00000000000003ff       0x2d string.o
                                        0x126 (size before relaxing)
 .debug_str     0x000000000000042c       0x41 app.o
                                        0x17e (size before relaxing)
 .debug_str     0x000000000000046d      0x13b task.o
                                        0x25e (size before relaxing)
 .debug_str     0x00000000000005a8       0x48 timer.o
                                        0x165 (size before relaxing)
 .debug_str     0x00000000000005f0       0x33 vsprintf.o
                                        0x15c (size before relaxing)
 .debug_str     0x0000000000000623       0x2a printf.o
                                        0x15c (size before relaxing)
 .debug_str     0x000000000000064d      0x34d address.o
                                        0x498 (size before relaxing)
 .debug_str     0x000000000000099a       0x38 assert.o
                                        0x10e (size before relaxing)
 .debug_str     0x00000000000009d2       0x26 stack.o
                                        0x13d (size before relaxing)

.debug_frame    0x0000000000000000     0x1088
 .debug_frame   0x0000000000000000       0xa0 sbi.o
 .debug_frame   0x00000000000000a0       0x38 main.o
 .debug_frame   0x00000000000000d8       0xc8 printk.o
 .debug_frame   0x00000000000001a0       0xd0 trap.o
 .debug_frame   0x0000000000000270       0xd0 syscall.o
 .debug_frame   0x0000000000000340       0xa0 string.o
 .debug_frame   0x00000000000003e0      0x1a8 app.o
 .debug_frame   0x0000000000000588      0x170 task.o
 .debug_frame   0x00000000000006f8      0x190 timer.o
 .debug_frame   0x0000000000000888       0x40 vsprintf.o
 .debug_frame   0x00000000000008c8       0x70 printf.o
 .debug_frame   0x0000000000000938      0x5b8 address.o
 .debug_frame   0x0000000000000ef0       0x68 assert.o
 .debug_frame   0x0000000000000f58      0x130 stack.o

.debug_ranges   0x0000000000000000       0x30
 .debug_ranges  0x0000000000000000       0x30 address.o
