
Allocating common symbols
Common symbol       size              file

tasks               0x110             batch.o
KernelStack         0x2000            batch.o

Memory Configuration

Name             Origin             Length             Attributes
ram              0x0000000080200000 0x0000000008000000 axrl !w
*default*        0x0000000000000000 0xffffffffffffffff

Linker script and memory map

LOAD entry.o
LOAD kerneltrap.o
LOAD sbi.o
LOAD main.o
LOAD printk.o
LOAD batch.o
LOAD trap.o

.text           0x0000000080200000      0xa34
 *(.text .text.*)
 .text          0x0000000080200000        0x0 entry.o
 .text.entry    0x0000000080200000        0xc entry.o
                0x0000000080200000                _start
 *fill*         0x000000008020000c        0x4 
 .text          0x0000000080200010       0xc6 kerneltrap.o
                0x0000000080200010                __alltraps
                0x0000000080200070                __restore
 .text          0x00000000802000d6       0xb6 sbi.o
                0x00000000802000d6                sbi_ecall
                0x000000008020015e                sbi_console_putchar
 .text          0x000000008020018c       0x1a main.o
                0x000000008020018c                os_main
 .text          0x00000000802001a6      0x572 printk.o
                0x00000000802001a6                uart_puts
                0x0000000080200692                printk
                0x00000000802006ea                panic
 .text          0x0000000080200718      0x212 batch.o
                0x0000000080200766                syscall
                0x00000000802007aa                testsys
                0x00000000802007d8                app_init_context
 .text          0x000000008020092a      0x10a trap.o
                0x000000008020095e                trap_handler
                0x0000000080200a14                trap_init

.rodata         0x0000000080200a38      0x18f
 *(.rodata .rodata.*)
 .rodata        0x0000000080200a38        0xa main.o
 *fill*         0x0000000080200a42        0x6 
 .rodata        0x0000000080200a48       0x8a printk.o
 *fill*         0x0000000080200ad2        0x6 
 .rodata        0x0000000080200ad8       0x92 batch.o
 *fill*         0x0000000080200b6a        0x6 
 .rodata        0x0000000080200b70       0x57 trap.o

.rela.dyn       0x0000000080200bc8        0x0
 .rela.text     0x0000000080200bc8        0x0 entry.o

.data           0x0000000080200bc7      0x439
                0x0000000080201000                . = ALIGN (0x1000)
 *fill*         0x0000000080200bc7      0x439 
 *(.sdata .sdata.*)
 *(.data .data.*)
 .data          0x0000000080201000        0x0 entry.o
 .data          0x0000000080201000        0x0 kerneltrap.o
 .data          0x0000000080201000        0x0 sbi.o
 .data          0x0000000080201000        0x0 main.o
 .data          0x0000000080201000        0x0 printk.o
 .data          0x0000000080201000        0x0 batch.o
 .data          0x0000000080201000        0x0 trap.o
                [!provide]                        PROVIDE (_data_end = .)

.bss            0x0000000080201000    0x144f8
 *(.sbss .sbss.*)
 *(.bss .bss.*)
 .bss           0x0000000080201000        0x0 entry.o
 .bss.stack     0x0000000080201000    0x10000 entry.o
                0x0000000080201000                boot_stack_lower_bound
                0x0000000080211000                boot_stack_top
 .bss           0x0000000080211000        0x0 kerneltrap.o
 .bss           0x0000000080211000        0x0 sbi.o
 .bss           0x0000000080211000        0x0 main.o
 .bss           0x0000000080211000      0x3e8 printk.o
 .bss           0x00000000802113e8     0x2000 batch.o
                0x00000000802113e8                UserStack
 .bss           0x00000000802133e8        0x0 trap.o
 *(COMMON)
 COMMON         0x00000000802133e8     0x2110 batch.o
                0x00000000802133e8                tasks
                0x00000000802134f8                KernelStack
OUTPUT(os.elf elf64-littleriscv)

.riscv.attributes
                0x0000000000000000       0x35
 .riscv.attributes
                0x0000000000000000       0x33 entry.o
 .riscv.attributes
                0x0000000000000033       0x33 kerneltrap.o
 .riscv.attributes
                0x0000000000000066       0x35 sbi.o
 .riscv.attributes
                0x000000000000009b       0x35 main.o
 .riscv.attributes
                0x00000000000000d0       0x35 printk.o
 .riscv.attributes
                0x0000000000000105       0x35 batch.o
 .riscv.attributes
                0x000000000000013a       0x35 trap.o

.comment        0x0000000000000000        0xe
 .comment       0x0000000000000000        0xe sbi.o
                                          0xf (size before relaxing)
 .comment       0x000000000000000e        0xf main.o
 .comment       0x000000000000000e        0xf printk.o
 .comment       0x000000000000000e        0xf batch.o
 .comment       0x000000000000000e        0xf trap.o
