
Allocating common symbols
Common symbol       size              file

tasks               0x4b0             task.o
UserStack           0x14000           task.o
KernelStack         0x14000           task.o

Memory Configuration

Name             Origin             Length             Attributes
ram              0x0000000080200000 0x0000000008000000 axrl !w
*default*        0x0000000000000000 0xffffffffffffffff

Linker script and memory map

LOAD entry.o
LOAD kerneltrap.o
LOAD switch.o
LOAD sbi.o
LOAD main.o
LOAD printk.o
LOAD trap.o
LOAD syscall.o
LOAD string.o
LOAD app.o
LOAD task.o
LOAD timer.o
LOAD vsprintf.o
LOAD printf.o

.text           0x0000000080200000     0x1130
 *(.text .text.*)
 .text          0x0000000080200000        0x0 entry.o
 .text.entry    0x0000000080200000        0xc entry.o
                0x0000000080200000                _start
 *fill*         0x000000008020000c        0x4 
 .text          0x0000000080200010       0xc6 kerneltrap.o
                0x0000000080200010                __alltraps
                0x0000000080200070                __restore
 .text          0x00000000802000d6       0x6a switch.o
                0x00000000802000d6                __switch
 .text          0x0000000080200140       0xe8 sbi.o
                0x0000000080200140                sbi_ecall
                0x00000000802001c8                sbi_console_putchar
                0x00000000802001f6                sbi_set_timer
 .text          0x0000000080200228       0x2e main.o
                0x0000000080200228                os_main
 .text          0x0000000080200256      0x142 printk.o
                0x0000000080200256                uart_puts
                0x0000000080200312                printk
                0x000000008020036a                panic
 .text          0x0000000080200398      0x10c trap.o
                0x00000000802003cc                trap_handler
                0x0000000080200484                trap_init
 .text          0x00000000802004a4       0xf2 syscall.o
                0x00000000802004a4                __sys_gettime
                0x00000000802004bc                __SYSCALL
                0x0000000080200542                __sys_write
                0x0000000080200580                __sys_yield
 .text          0x0000000080200596       0x92 string.o
                0x0000000080200596                strlen
                0x00000000802005d2                memcpy
 .text          0x0000000080200628      0x1ba app.o
                0x0000000080200628                syscall
                0x000000008020066c                sys_write
                0x00000000802006a2                sys_yield
                0x00000000802006c4                sys_gettime
                0x00000000802006e6                task_delay
                0x0000000080200728                task1
                0x0000000080200754                task2
                0x0000000080200780                task3
                0x00000000802007ac                task_init
 .text          0x00000000802007e2      0x33c task.o
                0x0000000080200830                tcx_init
                0x00000000802008a8                task_create
                0x00000000802009d6                schedule
                0x0000000080200ada                run_first_task
 .text          0x0000000080200b1e      0x120 timer.o
                0x0000000080200ba0                set_next_trigger
                0x0000000080200bc6                timer_init
                0x0000000080200c14                get_time_us
 .text          0x0000000080200c3e      0x430 vsprintf.o
                0x0000000080200c3e                _vsnprintf
 .text          0x000000008020106e       0xc2 printf.o
                0x00000000802010d8                printf

.rodata         0x0000000080201130      0x1b8
 *(.rodata .rodata.*)
 .rodata        0x0000000080201130        0xa main.o
 *fill*         0x000000008020113a        0x6 
 .rodata        0x0000000080201140       0x32 printk.o
 *fill*         0x0000000080201172        0x6 
 .rodata        0x0000000080201178       0x3e trap.o
 *fill*         0x00000000802011b6        0x2 
 .rodata        0x00000000802011b8       0x3d syscall.o
 *fill*         0x00000000802011f5        0x3 
 .rodata        0x00000000802011f8       0x43 app.o
 *fill*         0x000000008020123b        0x5 
 .rodata        0x0000000080201240       0x4f task.o
 *fill*         0x000000008020128f        0x1 
 .rodata        0x0000000080201290       0x58 vsprintf.o

.rela.dyn       0x00000000802012e8        0x0
 .rela.text     0x00000000802012e8        0x0 entry.o

.data           0x00000000802012e8      0xd18
                0x0000000080202000                . = ALIGN (0x1000)
 *fill*         0x00000000802012e8      0xd18 
 *(.sdata .sdata.*)
 *(.data .data.*)
 .data          0x0000000080202000        0x0 entry.o
 .data          0x0000000080202000        0x0 kerneltrap.o
 .data          0x0000000080202000        0x0 switch.o
 .data          0x0000000080202000        0x0 sbi.o
 .data          0x0000000080202000        0x0 main.o
 .data          0x0000000080202000        0x0 printk.o
 .data          0x0000000080202000        0x0 trap.o
 .data          0x0000000080202000        0x0 syscall.o
 .data          0x0000000080202000        0x0 string.o
 .data          0x0000000080202000        0x0 app.o
 .data          0x0000000080202000        0x0 task.o
 .data          0x0000000080202000        0x0 timer.o
 .data          0x0000000080202000        0x0 vsprintf.o
 .data          0x0000000080202000        0x0 printf.o
                [!provide]                        PROVIDE (_data_end = .)

.bss            0x0000000080202000    0x38c88
 *(.sbss .sbss.*)
 *(.bss .bss.*)
 .bss           0x0000000080202000        0x0 entry.o
 .bss.stack     0x0000000080202000    0x10000 entry.o
                0x0000000080202000                boot_stack_lower_bound
                0x0000000080212000                boot_stack_top
 .bss           0x0000000080212000        0x0 kerneltrap.o
 .bss           0x0000000080212000        0x0 switch.o
 .bss           0x0000000080212000        0x0 sbi.o
 .bss           0x0000000080212000        0x0 main.o
 .bss           0x0000000080212000      0x3e8 printk.o
 .bss           0x00000000802123e8        0x0 trap.o
 .bss           0x00000000802123e8        0x0 syscall.o
 .bss           0x00000000802123e8        0x0 string.o
 .bss           0x00000000802123e8        0x0 app.o
 .bss           0x00000000802123e8        0x8 task.o
 .bss           0x00000000802123f0        0x0 timer.o
 .bss           0x00000000802123f0        0x0 vsprintf.o
 .bss           0x00000000802123f0      0x3e8 printf.o
 *(COMMON)
 COMMON         0x00000000802127d8    0x284b0 task.o
                0x00000000802127d8                tasks
                0x0000000080212c88                UserStack
                0x0000000080226c88                KernelStack
OUTPUT(os.elf elf64-littleriscv)

.riscv.attributes
                0x0000000000000000       0x35
 .riscv.attributes
                0x0000000000000000       0x33 entry.o
 .riscv.attributes
                0x0000000000000033       0x33 kerneltrap.o
 .riscv.attributes
                0x0000000000000066       0x33 switch.o
 .riscv.attributes
                0x0000000000000099       0x35 sbi.o
 .riscv.attributes
                0x00000000000000ce       0x35 main.o
 .riscv.attributes
                0x0000000000000103       0x35 printk.o
 .riscv.attributes
                0x0000000000000138       0x35 trap.o
 .riscv.attributes
                0x000000000000016d       0x35 syscall.o
 .riscv.attributes
                0x00000000000001a2       0x35 string.o
 .riscv.attributes
                0x00000000000001d7       0x35 app.o
 .riscv.attributes
                0x000000000000020c       0x35 task.o
 .riscv.attributes
                0x0000000000000241       0x35 timer.o
 .riscv.attributes
                0x0000000000000276       0x35 vsprintf.o
 .riscv.attributes
                0x00000000000002ab       0x35 printf.o

.comment        0x0000000000000000        0xe
 .comment       0x0000000000000000        0xe sbi.o
                                          0xf (size before relaxing)
 .comment       0x000000000000000e        0xf main.o
 .comment       0x000000000000000e        0xf printk.o
 .comment       0x000000000000000e        0xf trap.o
 .comment       0x000000000000000e        0xf syscall.o
 .comment       0x000000000000000e        0xf string.o
 .comment       0x000000000000000e        0xf app.o
 .comment       0x000000000000000e        0xf task.o
 .comment       0x000000000000000e        0xf timer.o
 .comment       0x000000000000000e        0xf vsprintf.o
 .comment       0x000000000000000e        0xf printf.o

.debug_line     0x0000000000000000     0x1515
 .debug_line    0x0000000000000000       0x44 entry.o
 .debug_line    0x0000000000000044      0x217 kerneltrap.o
 .debug_line    0x000000000000025b       0x65 switch.o
 .debug_line    0x00000000000002c0       0xea sbi.o
 .debug_line    0x00000000000003aa       0x67 main.o
 .debug_line    0x0000000000000411      0x160 printk.o
 .debug_line    0x0000000000000571      0x156 trap.o
 .debug_line    0x00000000000006c7      0x138 syscall.o
 .debug_line    0x00000000000007ff      0x104 string.o
 .debug_line    0x0000000000000903      0x1b6 app.o
 .debug_line    0x0000000000000ab9      0x2ca task.o
 .debug_line    0x0000000000000d83      0x175 timer.o
 .debug_line    0x0000000000000ef8      0x51e vsprintf.o
 .debug_line    0x0000000000001416       0xff printf.o

.debug_info     0x0000000000000000     0x1a17
 .debug_info    0x0000000000000000       0x2e entry.o
 .debug_info    0x000000000000002e       0x2e kerneltrap.o
 .debug_info    0x000000000000005c       0x2e switch.o
 .debug_info    0x000000000000008a      0x2b9 sbi.o
 .debug_info    0x0000000000000343       0x87 main.o
 .debug_info    0x00000000000003ca      0x1dc printk.o
 .debug_info    0x00000000000005a6      0x305 trap.o
 .debug_info    0x00000000000008ab      0x1b7 syscall.o
 .debug_info    0x0000000000000a62      0x13a string.o
 .debug_info    0x0000000000000b9c      0x2c5 app.o
 .debug_info    0x0000000000000e61      0x5f9 task.o
 .debug_info    0x000000000000145a      0x1f2 timer.o
 .debug_info    0x000000000000164c      0x248 vsprintf.o
 .debug_info    0x0000000000001894      0x183 printf.o

.debug_abbrev   0x0000000000000000      0xb2c
 .debug_abbrev  0x0000000000000000       0x14 entry.o
 .debug_abbrev  0x0000000000000014       0x14 kerneltrap.o
 .debug_abbrev  0x0000000000000028       0x14 switch.o
 .debug_abbrev  0x000000000000003c       0xed sbi.o
 .debug_abbrev  0x0000000000000129       0x42 main.o
 .debug_abbrev  0x000000000000016b      0x128 printk.o
 .debug_abbrev  0x0000000000000293      0x110 trap.o
 .debug_abbrev  0x00000000000003a3      0x10d syscall.o
 .debug_abbrev  0x00000000000004b0       0xa6 string.o
 .debug_abbrev  0x0000000000000556      0x150 app.o
 .debug_abbrev  0x00000000000006a6      0x1d7 task.o
 .debug_abbrev  0x000000000000087d      0x106 timer.o
 .debug_abbrev  0x0000000000000983       0xb7 vsprintf.o
 .debug_abbrev  0x0000000000000a3a       0xf2 printf.o

.debug_aranges  0x0000000000000000      0x2a0
 .debug_aranges
                0x0000000000000000       0x30 entry.o
 .debug_aranges
                0x0000000000000030       0x30 kerneltrap.o
 .debug_aranges
                0x0000000000000060       0x30 switch.o
 .debug_aranges
                0x0000000000000090       0x30 sbi.o
 .debug_aranges
                0x00000000000000c0       0x30 main.o
 .debug_aranges
                0x00000000000000f0       0x30 printk.o
 .debug_aranges
                0x0000000000000120       0x30 trap.o
 .debug_aranges
                0x0000000000000150       0x30 syscall.o
 .debug_aranges
                0x0000000000000180       0x30 string.o
 .debug_aranges
                0x00000000000001b0       0x30 app.o
 .debug_aranges
                0x00000000000001e0       0x30 task.o
 .debug_aranges
                0x0000000000000210       0x30 timer.o
 .debug_aranges
                0x0000000000000240       0x30 vsprintf.o
 .debug_aranges
                0x0000000000000270       0x30 printf.o

.debug_str      0x0000000000000000      0x64d
 .debug_str     0x0000000000000000       0x3f entry.o
 .debug_str     0x000000000000003f       0x11 kerneltrap.o
                                         0x44 (size before relaxing)
 .debug_str     0x0000000000000050        0xd switch.o
                                         0x40 (size before relaxing)
 .debug_str     0x000000000000005d      0x295 sbi.o
                                        0x2ea (size before relaxing)
 .debug_str     0x00000000000002f2       0x13 main.o
                                        0x100 (size before relaxing)
 .debug_str     0x0000000000000305       0x56 printk.o
                                        0x164 (size before relaxing)
 .debug_str     0x000000000000035b       0x56 trap.o
                                        0x15b (size before relaxing)
 .debug_str     0x00000000000003b1       0x55 syscall.o
                                        0x165 (size before relaxing)
 .debug_str     0x0000000000000406       0x26 string.o
                                        0x11f (size before relaxing)
 .debug_str     0x000000000000042c       0x41 app.o
                                        0x185 (size before relaxing)
 .debug_str     0x000000000000046d      0x13b task.o
                                        0x25e (size before relaxing)
 .debug_str     0x00000000000005a8       0x48 timer.o
                                        0x165 (size before relaxing)
 .debug_str     0x00000000000005f0       0x33 vsprintf.o
                                        0x15c (size before relaxing)
 .debug_str     0x0000000000000623       0x2a printf.o
                                        0x15c (size before relaxing)

.debug_frame    0x0000000000000000      0x910
 .debug_frame   0x0000000000000000       0xa0 sbi.o
 .debug_frame   0x00000000000000a0       0x40 main.o
 .debug_frame   0x00000000000000e0       0xc8 printk.o
 .debug_frame   0x00000000000001a8       0xd0 trap.o
 .debug_frame   0x0000000000000278       0xd0 syscall.o
 .debug_frame   0x0000000000000348       0x70 string.o
 .debug_frame   0x00000000000003b8      0x1a8 app.o
 .debug_frame   0x0000000000000560      0x170 task.o
 .debug_frame   0x00000000000006d0      0x190 timer.o
 .debug_frame   0x0000000000000860       0x40 vsprintf.o
 .debug_frame   0x00000000000008a0       0x70 printf.o
